// Vitest Snapshot v1, https://vitest.dev/guide/snapshot.html

exports[`GlobalEnvParser > parses an example discord buildenv correctly 1`] = `
{
  "ACTIVITY_APPLICATION_HOST": "discordsays.com",
  "ADYEN_KEY": "live_E3OQ33V6GVGTXOVQZEAFQJ6DJIDVG6SY",
  "API_ENDPOINT": "//canary.discord.com/api",
  "API_PROTOCOL": "https:",
  "API_VERSION": 9,
  "ASSET_ENDPOINT": "//canary.discord.com",
  "BRAINTREE_KEY": "production_ktzp8hfp_49pp2rp4phym7387",
  "BUILD_NUMBER": "440758",
  "BUILT_AT": "1757033646091",
  "CDN_HOST": "cdn.discordapp.com",
  "DEVELOPERS_ENDPOINT": "//canary.discord.com",
  "DEV_SESSION_KEY": "undefined",
  "GATEWAY_ENDPOINT": "wss://gateway.discord.gg",
  "GIFT_CODE_HOST": "discord.gift",
  "GUILD_TEMPLATE_HOST": "discord.new",
  "HTML_TIMESTAMP": {
    "expression": "Date.now()",
    Symbol(GlobalEnvParser.unserializable): true,
  },
  "IMAGE_PROXY_ENDPOINTS": "//images-ext-1.discordapp.net,//images-ext-2.discordapp.net",
  "INVITE_HOST": "discord.gg",
  "LOCATION": "history",
  "MARKETING_ENDPOINT": "//canary.discord.com",
  "MEDIA_PROXY_ENDPOINT": "//media.discordapp.net",
  "MIGRATION_DESTINATION_ORIGIN": "https://canary.discord.com",
  "MIGRATION_SOURCE_ORIGIN": "https://canary.discordapp.com",
  "NETWORKING_ENDPOINT": "//router.discordapp.net",
  "NODE_ENV": "production",
  "PRIMARY_DOMAIN": "discord.com",
  "PROJECT_ENV": "production",
  "PUBLIC_PATH": "/assets/",
  "RELEASE_CHANNEL": "canary",
  "REMOTE_AUTH_ENDPOINT": "//remote-auth-gateway.discord.gg",
  "RTC_LATENCY_ENDPOINT": "//latency.discord.media/rtc",
  "SENTRY_RELEASE": "discord_web-a91a4c21106f49567ccca288e233457b019fd4f4",
  "SENTRY_TAGS": {
    "buildId": "a91a4c21106f49567ccca288e233457b019fd4f4",
    "buildType": "normal",
  },
  "SEO_ENDPOINT": "undefined",
  "SPRIG_API_KEY": "ZaQ2JuStvc",
  "STATIC_ENDPOINT": "",
  "STRIPE_KEY": "pk_live_CUQtlpQUF0vufWpnpUmQvcdi",
  "VERSION_HASH": "a91a4c21106f49567ccca288e233457b019fd4f4",
  "WEBAPP_ENDPOINT": "//canary.discord.com",
  "WIDGET_ENDPOINT": "//canary.discord.com/widget",
  Symbol(GlobalEnvParser.unreadableKeys): [],
}
`;
