// Vitest Snapshot v1, https://vitest.dev/guide/snapshot.html

exports[`WebpackAstParser > cache parsing > definitions > wreq.d > finds the use of a simple import 1`] = `
[
  {
    "content": "// Webpack Module 222222 - Patched by
0,
function(e, t, n) {
    "use strict";
    n.d(t, {
        H: () => _h,
        J: () => _j,
        G: () => _g
    });
    const r = n(555001)
      , _3 = n(333333);
    function _h(p1, p2=4) {
        return p1 + p2
    }
    function _j(p1, p2) {
        return p1 - p2
    }
    function _g() {
        return (0,
        r.jsx)(_3.U, {
            children: (0,
            r.jsxs)("div", {
                children: ["Hello World", (0,
                r.jsx)(_3.I, {
                    children: "goodbye"
                })]
            })
        })
    }
}
",
    "locationType": "inline",
    "range": [
      {
        "character": 13,
        "line": 17,
      },
      {
        "character": 15,
        "line": 17,
      },
    ],
  },
]
`;

exports[`WebpackAstParser > cache parsing > definitions > wreq.d > finds the use of a simple import 2 1`] = `
[
  {
    "content": "// Webpack Module 333333 - Patched by
0,
function(e, t, n) {
    "use strict";
    n.d(t, {
        U: () => _u,
        I: () => _i,
    });
    var r = n(555001)
      , _5 = n(555555);
    function _u() {
        return (0,
        r.jsx)("div", {
            children: ["Hello World", (0,
            r.jsx)(_5.H, {})],
            className: "foo bar"
        });
    }
    function _i() {
        return "abcdef";
    }
}
",
    "locationType": "inline",
    "range": [
      {
        "character": 13,
        "line": 10,
      },
      {
        "character": 15,
        "line": 10,
      },
    ],
  },
]
`;
